[15:18:08] [main/INFO] (FabricLoader/GameProvider) Loading Minecraft 1.20.1 with Fabric Loader 0.16.9
[15:18:08] [main/INFO] (FabricLoader) Loading 60 mods:
	- dungeonsdelight 2.0.0
	- fabric-api 0.92.1+1.20.1
	- fabric-api-base 0.4.31+1802ada577
	- fabric-api-lookup-api-v1 1.6.36+1802ada577
	- fabric-biome-api-v1 13.0.13+1802ada577
	- fabric-block-api-v1 1.0.11+1802ada577
	- fabric-block-view-api-v2 1.0.1+1802ada577
	- fabric-blockrenderlayer-v1 1.1.41+1802ada577
	- fabric-client-tags-api-v1 1.1.2+1802ada577
	- fabric-command-api-v1 1.2.34+f71b366f77
	- fabric-command-api-v2 2.2.13+1802ada577
	- fabric-commands-v0 0.2.51+df3654b377
	- fabric-containers-v0 0.1.64+df3654b377
	- fabric-content-registries-v0 4.0.11+1802ada577
	- fabric-convention-tags-v1 1.5.5+1802ada577
	- fabric-crash-report-info-v1 0.2.19+1802ada577
	- fabric-data-attachment-api-v1 1.0.0+de0fd6d177
	- fabric-data-generation-api-v1 12.3.4+1802ada577
	- fabric-dimensions-v1 2.1.54+1802ada577
	- fabric-entity-events-v1 1.6.0+1c78457f77
	- fabric-events-interaction-v0 0.6.2+1802ada577
	- fabric-events-lifecycle-v0 0.2.63+df3654b377
	- fabric-game-rule-api-v1 1.0.40+1802ada577
	- fabric-gametest-api-v1 1.2.13+1802ada577
	- fabric-item-api-v1 2.1.28+1802ada577
	- fabric-item-group-api-v1 4.0.12+1802ada577
	- fabric-key-binding-api-v1 1.0.37+1802ada577
	- fabric-keybindings-v0 0.2.35+df3654b377
	- fabric-lifecycle-events-v1 2.2.22+1802ada577
	- fabric-loot-api-v2 1.2.1+1802ada577
	- fabric-loot-tables-v1 1.1.45+9e7660c677
	- fabric-message-api-v1 5.1.9+1802ada577
	- fabric-mining-level-api-v1 2.1.50+1802ada577
	- fabric-model-loading-api-v1 1.0.3+1802ada577
	- fabric-models-v0 0.4.2+9386d8a777
	- fabric-networking-api-v1 1.3.11+1802ada577
	- fabric-networking-v0 0.3.51+df3654b377
	- fabric-object-builder-api-v1 11.1.3+1802ada577
	- fabric-particles-v1 1.1.2+1802ada577
	- fabric-recipe-api-v1 1.0.21+1802ada577
	- fabric-registry-sync-v0 2.3.3+1802ada577
	- fabric-renderer-api-v1 3.2.1+1802ada577
	- fabric-renderer-indigo 1.5.1+1802ada577
	- fabric-renderer-registries-v1 3.2.46+df3654b377
	- fabric-rendering-data-attachment-v1 0.3.37+92a0d36777
	- fabric-rendering-fluids-v1 3.0.28+1802ada577
	- fabric-rendering-v0 1.1.49+df3654b377
	- fabric-rendering-v1 3.0.8+1802ada577
	- fabric-resource-conditions-api-v1 2.3.8+1802ada577
	- fabric-resource-loader-v0 0.11.10+1802ada577
	- fabric-screen-api-v1 2.0.8+1802ada577
	- fabric-screen-handler-api-v1 1.3.30+1802ada577
	- fabric-sound-api-v1 1.0.13+1802ada577
	- fabric-transfer-api-v1 3.3.5+8dd72ea377
	- fabric-transitive-access-wideners-v1 4.3.1+1802ada577
	- fabricloader 0.16.9
	- java 17
	- minecraft 1.20.1
	- mixinextras 0.4.1
	- runiclib 4.3.7
[15:18:08] [main/INFO] (FabricLoader/Mixin) SpongePowered MIXIN Subsystem Version=0.8.7 Source=file:/C:/Users/alex/.gradle/caches/modules-2/files-2.1/net.fabricmc/sponge-mixin/0.15.4+mixin.0.8.7/6a12aacc794f1078458433116e9ed42c1cc98096/sponge-mixin-0.15.4+mixin.0.8.7.jar Service=Knot/Fabric Env=CLIENT
[15:18:08] [main/INFO] (FabricLoader/Mixin) Loaded Fabric development mappings for mixin remapper!
[15:18:08] [main/INFO] (FabricLoader/Mixin) Compatibility level set to JAVA_16
[15:18:08] [main/INFO] (FabricLoader/Mixin) Compatibility level set to JAVA_17
[15:18:09] [main/WARN] (FabricLoader/Mixin) Reference map 'dungeonsdelight.refmap.json' for dungeonsdelight.mixins.json could not be read. If this is a development environment you can ignore this message
[15:18:09] [main/WARN] (FabricLoader/Mixin) Reference map 'dungeonsdelight.refmap.json' for dungeonsdelight.fabric.mixins.json could not be read. If this is a development environment you can ignore this message
[15:18:09] [main/INFO] (FabricLoader/MixinExtras|Service) Initializing MixinExtras via com.llamalad7.mixinextras.service.MixinExtrasServiceImpl(version=0.4.1).
[15:18:12] [Datafixer Bootstrap/INFO] (Minecraft) 188 Datafixer optimizations took 73 milliseconds
[15:18:12] [main/WARN] (FabricLoader/Mixin) Discarding @Unique public field effect in runiclib.mixins.json:server.MobEffectInstanceMixin from mod runiclib because it already exists in net.minecraft.world.effect.MobEffectInstance. Note that declared FIELD INITIALISERS will NOT be removed!
[15:18:13] [Render thread/INFO] (Minecraft) Environment: authHost='https://authserver.mojang.com', accountsHost='https://api.mojang.com', sessionHost='https://sessionserver.mojang.com', servicesHost='https://api.minecraftservices.com', name='PROD'
[15:18:13] [Render thread/ERROR] (Minecraft) Failed to verify authentication
com.mojang.authlib.exceptions.InvalidCredentialsException: Status: 401
	at com.mojang.authlib.exceptions.MinecraftClientHttpException.toAuthenticationException(MinecraftClientHttpException.java:56) ~[authlib-4.0.43.jar:?]
	at com.mojang.authlib.yggdrasil.YggdrasilUserApiService.fetchProperties(YggdrasilUserApiService.java:156) ~[authlib-4.0.43.jar:?]
	at com.mojang.authlib.yggdrasil.YggdrasilUserApiService.<init>(YggdrasilUserApiService.java:55) ~[authlib-4.0.43.jar:?]
	at com.mojang.authlib.yggdrasil.YggdrasilAuthenticationService.createUserApiService(YggdrasilAuthenticationService.java:124) ~[authlib-4.0.43.jar:?]
	at net.minecraft.client.Minecraft.createUserApiService(Minecraft.java:733) ~[minecraft-merged-7787b014d4-1.20.1-loom.mappings.1_20_1.layered+hash.1899487486-v2.jar:?]
	at net.minecraft.client.Minecraft.<init>(Minecraft.java:442) ~[minecraft-merged-7787b014d4-1.20.1-loom.mappings.1_20_1.layered+hash.1899487486-v2.jar:?]
	at net.minecraft.client.main.Main.main(Main.java:211) ~[minecraft-merged-7787b014d4-1.20.1-loom.mappings.1_20_1.layered+hash.1899487486-v2.jar:?]
	at net.fabricmc.loader.impl.game.minecraft.MinecraftGameProvider.launch(MinecraftGameProvider.java:480) ~[fabric-loader-0.16.9.jar:?]
	at net.fabricmc.loader.impl.launch.knot.Knot.launch(Knot.java:74) ~[fabric-loader-0.16.9.jar:?]
	at net.fabricmc.loader.impl.launch.knot.KnotClient.main(KnotClient.java:23) ~[fabric-loader-0.16.9.jar:?]
	at net.fabricmc.devlaunchinjector.Main.main(Main.java:86) ~[dev-launch-injector-0.2.1+build.8.jar:?]
Caused by: com.mojang.authlib.exceptions.MinecraftClientHttpException: Status: 401
	at com.mojang.authlib.minecraft.client.MinecraftClient.readInputStream(MinecraftClient.java:85) ~[authlib-4.0.43.jar:?]
	at com.mojang.authlib.minecraft.client.MinecraftClient.get(MinecraftClient.java:48) ~[authlib-4.0.43.jar:?]
	at com.mojang.authlib.yggdrasil.YggdrasilUserApiService.fetchProperties(YggdrasilUserApiService.java:129) ~[authlib-4.0.43.jar:?]
	... 9 more
[15:18:13] [Render thread/INFO] (Minecraft) Setting user: Player771
[15:18:13] [Render thread/INFO] (Indigo) [Indigo] Registering Indigo renderer!
[15:18:13] [Render thread/INFO] (Minecraft) Backend library: LWJGL version 3.3.2-snapshot
[15:18:14] [Render thread/INFO] (Minecraft) Reloading ResourceManager: vanilla, fabric (fabric-events-interaction-v0, fabric-networking-v0, fabric-resource-loader-v0, fabric-commands-v0, fabric-game-rule-api-v1, fabric-object-builder-api-v1, fabric-renderer-registries-v1, fabric-api, fabric-loot-api-v2, fabric-item-api-v1, fabric-block-api-v1, fabric-registry-sync-v0, fabric-biome-api-v1, fabric-command-api-v1, fabric-mining-level-api-v1, dungeonsdelight, fabric-model-loading-api-v1, fabric-transfer-api-v1, fabric-rendering-data-attachment-v1, fabric-entity-events-v1, fabric-networking-api-v1, fabric-api-base, fabric-rendering-v0, fabric-gametest-api-v1, fabricloader, fabric-data-attachment-api-v1, fabric-api-lookup-api-v1, fabric-content-registries-v0, fabric-containers-v0, fabric-key-binding-api-v1, fabric-client-tags-api-v1, fabric-rendering-fluids-v1, fabric-convention-tags-v1, fabric-blockrenderlayer-v1, fabric-screen-handler-api-v1, fabric-loot-tables-v1, fabric-item-group-api-v1, fabric-lifecycle-events-v1, fabric-events-lifecycle-v0, fabric-data-generation-api-v1, fabric-command-api-v2, fabric-renderer-indigo, fabric-crash-report-info-v1, fabric-rendering-v1, fabric-transitive-access-wideners-v1, fabric-renderer-api-v1, fabric-block-view-api-v2, fabric-keybindings-v0, fabric-models-v0, runiclib, fabric-message-api-v1, fabric-screen-api-v1, fabric-sound-api-v1, fabric-particles-v1, fabric-dimensions-v1, fabric-recipe-api-v1, fabric-resource-conditions-api-v1)
[15:18:14] [Worker-Main-13/INFO] (Minecraft) Found unifont_all_no_pua-15.0.06.hex, loading
[15:18:14] [Realms Notification Availability checker #1/INFO] (Minecraft) Could not authorize you against Realms server: java.lang.RuntimeException: Failed to parse into SignedJWT: FabricMC
[15:18:15] [Render thread/WARN] (Minecraft) Missing sound for event: minecraft:item.goat_horn.play
[15:18:15] [Render thread/WARN] (Minecraft) Missing sound for event: minecraft:entity.goat.screaming.horn_break
[15:18:15] [Render thread/INFO] (Minecraft) OpenAL initialized on device OpenAL Soft on Speakers (Focusrite USB Audio)
[15:18:15] [Render thread/INFO] (Minecraft) Sound engine started
[15:18:15] [Render thread/INFO] (Minecraft) Created: 1024x512x4 minecraft:textures/atlas/blocks.png-atlas
[15:18:15] [Render thread/INFO] (Minecraft) Created: 256x256x4 minecraft:textures/atlas/signs.png-atlas
[15:18:15] [Render thread/INFO] (Minecraft) Created: 512x512x4 minecraft:textures/atlas/banner_patterns.png-atlas
[15:18:15] [Render thread/INFO] (Minecraft) Created: 512x512x4 minecraft:textures/atlas/shield_patterns.png-atlas
[15:18:15] [Render thread/INFO] (Minecraft) Created: 1024x1024x4 minecraft:textures/atlas/armor_trims.png-atlas
[15:18:15] [Render thread/INFO] (Minecraft) Created: 256x256x4 minecraft:textures/atlas/chest.png-atlas
[15:18:15] [Render thread/INFO] (Minecraft) Created: 128x64x4 minecraft:textures/atlas/decorated_pot.png-atlas
[15:18:15] [Render thread/INFO] (Minecraft) Created: 512x256x4 minecraft:textures/atlas/shulker_boxes.png-atlas
[15:18:15] [Render thread/INFO] (Minecraft) Created: 512x256x4 minecraft:textures/atlas/beds.png-atlas
[15:18:15] [Render thread/WARN] (Minecraft) Shader rendertype_entity_translucent_emissive could not find sampler named Sampler2 in the specified shader program.
[15:18:15] [Render thread/INFO] (Minecraft) Created: 256x256x0 minecraft:textures/atlas/particles.png-atlas
[15:18:15] [Render thread/INFO] (Minecraft) Created: 256x256x0 minecraft:textures/atlas/paintings.png-atlas
[15:18:15] [Render thread/INFO] (Minecraft) Created: 256x128x0 minecraft:textures/atlas/mob_effects.png-atlas
[15:18:18] [Render thread/INFO] (FabricRegistrySync) [fabric-registry-sync] Loaded registry data [file 1/4]
[15:18:19] [Render thread/INFO] (Minecraft) Loaded 7 recipes
[15:18:19] [Render thread/INFO] (Minecraft) Loaded 1271 advancements
[15:18:19] [Render thread/INFO] (BiomeModificationImpl) Applied 0 biome modifications to 0 of 64 new biomes in 964.3 μs
[15:18:19] [Server thread/INFO] (Minecraft) Starting integrated minecraft server version 1.20.1
[15:18:19] [Server thread/INFO] (Minecraft) Generating keypair
[15:18:20] [Server thread/INFO] (Minecraft) Preparing start region for dimension minecraft:overworld
[15:18:21] [Render thread/INFO] (Minecraft) Preparing spawn area: 0%
[15:18:21] [Render thread/INFO] (Minecraft) Preparing spawn area: 0%
[15:18:21] [Render thread/INFO] (Minecraft) Preparing spawn area: 0%
[15:18:21] [Render thread/INFO] (Minecraft) Preparing spawn area: 74%
[15:18:21] [Render thread/INFO] (Minecraft) Time elapsed: 1567 ms
[15:18:21] [Server thread/INFO] (Minecraft) Changing view distance to 12, from 10
[15:18:21] [Server thread/INFO] (Minecraft) Changing simulation distance to 12, from 0
[15:18:22] [Server thread/INFO] (Minecraft) Player771[local:E:1aedbef8] logged in with entity id 219 at (10.462705117552368, 64.0, -72.90117066383446)
[15:18:22] [Server thread/INFO] (Minecraft) Player771 joined the game
[15:18:22] [Render thread/INFO] (Minecraft) Loaded 2 advancements
[15:18:25] [Server thread/INFO] (Minecraft) Saving and pausing game...
[15:18:25] [Server thread/INFO] (Minecraft) Saving chunks for level 'ServerLevel[New World]'/minecraft:overworld
[15:18:25] [Server thread/INFO] (Minecraft) Saving chunks for level 'ServerLevel[New World]'/minecraft:the_nether
[15:18:25] [Server thread/INFO] (Minecraft) Saving chunks for level 'ServerLevel[New World]'/minecraft:the_end
[15:18:52] [Server thread/INFO] (Minecraft) Player771 has made the advancement [Best Friends Forever]
[15:18:53] [Render thread/INFO] (Minecraft) [System] [CHAT] Player771 has made the advancement [Best Friends Forever]
[15:18:53] [Render thread/INFO] (Minecraft) Loaded 5 advancements
[15:21:30] [Server thread/INFO] (Minecraft) Saving and pausing game...
[15:21:30] [Server thread/INFO] (Minecraft) Saving chunks for level 'ServerLevel[New World]'/minecraft:overworld
[15:21:30] [Server thread/INFO] (Minecraft) Saving chunks for level 'ServerLevel[New World]'/minecraft:the_nether
[15:21:30] [Server thread/INFO] (Minecraft) Saving chunks for level 'ServerLevel[New World]'/minecraft:the_end
[15:21:39] [Render thread/INFO] (Minecraft) Loaded 16 advancements
[15:22:12] [Server thread/INFO] (Minecraft) Saving and pausing game...
[15:22:12] [Server thread/INFO] (Minecraft) Saving chunks for level 'ServerLevel[New World]'/minecraft:overworld
[15:22:12] [Server thread/INFO] (Minecraft) Saving chunks for level 'ServerLevel[New World]'/minecraft:the_nether
[15:22:12] [Server thread/INFO] (Minecraft) Saving chunks for level 'ServerLevel[New World]'/minecraft:the_end
[15:25:25] [Server thread/INFO] (Minecraft) [Player771: Gave 1 [Music Disc] to Player771]
[15:25:25] [Render thread/INFO] (Minecraft) [System] [CHAT] Gave 1 [Music Disc] to Player771
[15:25:44] [Server thread/INFO] (Minecraft) Saving and pausing game...
[15:25:44] [Server thread/INFO] (Minecraft) Saving chunks for level 'ServerLevel[New World]'/minecraft:overworld
[15:25:44] [Server thread/INFO] (Minecraft) Saving chunks for level 'ServerLevel[New World]'/minecraft:the_nether
[15:25:44] [Server thread/INFO] (Minecraft) Saving chunks for level 'ServerLevel[New World]'/minecraft:the_end
[15:25:44] [Render thread/INFO] (Minecraft) Stopping!
[15:25:45] [Server thread/INFO] (Minecraft) Player771 lost connection: Disconnected
[15:25:45] [Server thread/INFO] (Minecraft) Player771 left the game
[15:25:45] [Server thread/INFO] (Minecraft) Stopping singleplayer server as player logged out
[15:25:45] [Server thread/INFO] (Minecraft) Stopping server
[15:25:45] [Server thread/INFO] (Minecraft) Saving players
[15:25:45] [Server thread/INFO] (Minecraft) Saving worlds
[15:25:45] [Server thread/INFO] (Minecraft) Saving chunks for level 'ServerLevel[New World]'/minecraft:overworld
[15:25:45] [Server thread/INFO] (Minecraft) Saving chunks for level 'ServerLevel[New World]'/minecraft:the_nether
[15:25:45] [Server thread/INFO] (Minecraft) Saving chunks for level 'ServerLevel[New World]'/minecraft:the_end
[15:25:45] [Server thread/INFO] (Minecraft) ThreadedAnvilChunkStorage (New World): All chunks are saved
[15:25:45] [Server thread/INFO] (Minecraft) ThreadedAnvilChunkStorage (DIM-1): All chunks are saved
[15:25:45] [Server thread/INFO] (Minecraft) ThreadedAnvilChunkStorage (DIM1): All chunks are saved
[15:25:45] [Server thread/INFO] (Minecraft) ThreadedAnvilChunkStorage: All dimensions are saved
